
> temp-app@0.1.0 build
> next build

Γû▓ Next.js 16.1.6 (Turbopack)
- Environments: .env

  Creating an optimized production build ...
Γ£ô Compiled successfully in 12.5s
  Running TypeScript ...
node.exe : Failed to compile.
At C:\Program 
Files\nodejs\npm.ps1:29 char:3
+   & $NODE_EXE $NPM_CLI_JS $args
+   ~~~~~~~~~~~~~~~~~~~~~~~~~~~~~
    + CategoryInfo          : No 
   tSpecified: (Failed to compi  
  le.:String) [], RemoteExcept   
 ion
    + FullyQualifiedErrorId : Na 
   tiveCommandError
 

./app/dashboard/reports/page.tsx:
250:33
Type error: Type '(value: 
number) => [string, "Revenue"]' 
is not assignable to type 
'Formatter<number, "Revenue"> & 
((value: number, name: 
"Revenue", item: Payload<number, 
"Revenue">, index: number, 
payload: Payload<number, 
"Revenue">[]) => ReactNode | 
[...])'.
  Type '(value: number) => 
[string, "Revenue"]' is not 
assignable to type 
'Formatter<number, "Revenue">'.
    Types of parameters 'value' 
and 'value' are incompatible.
      Type 'number | undefined' 
is not assignable to type 
'number'.
        Type 'undefined' is not 
assignable to type 'number'.

[0m [90m 248 |[39m            
                 
[33m/[39m[33m>[39m
 [90m 249 |[39m                
             
[33m<[39m[33mTooltip[39m 
[31m[1m>[22m[39m[90m 250 
|[39m                           
      formatter[33m=[39m{(value
[33m:[39m number) [33m=>[39m 
[[32m`$${(value || 
0).toFixed(2)}`[39m[33m,[39m 
[32m'Revenue'[39m]}
 [90m     |[39m                
                 
[31m[1m^[22m[39m
 [90m 251 |[39m                
                 labelFormatter[
33m=[39m{(label) [33m=>[39m 
[32m`Date: ${label}`[39m}
 [90m 252 |[39m                
             
[33m/[39m[33m>[39m
 [90m 253 |[39m                
             
[33m<[39m[33mBar[39m 
dataKey[33m=[39m{isMonthlyView 
[33m?[39m [32m"revenue"[39m 
[33m:[39m [32m"total"[39m} fi
ll[33m=[39m[32m"#0ea5e9"[39m 
radius[33m=[39m{[[35m4[39m[3
3m,[39m [35m4[39m[33m,[39m 
[35m0[39m[33m,[39m 
[35m0[39m]} 
[33m/[39m[33m>[39m[0m
Next.js build worker exited with 
code: 1 and signal: null

